<?xml version="1.0" encoding="utf-8" ?>
<result>
	<row>
		<label>PRODUCT THREE LEFT in cart</label>
		<nb_visits>3</nb_visits>
		<nb_actions>6</nb_actions>
		<sum_daily_nb_uniq_visitors>2</sum_daily_nb_uniq_visitors>
		<avg_price>1332</avg_price>
		<avg_quantity>0</avg_quantity>
		<conversion_rate>0%</conversion_rate>
	</row>
	<row>
		<label>PRODUCT name</label>
		<nb_visits>2</nb_visits>
		<nb_actions>5</nb_actions>
		<sum_daily_nb_uniq_visitors>1</sum_daily_nb_uniq_visitors>
		<avg_price>832.78</avg_price>
		<avg_quantity>0</avg_quantity>
		<conversion_rate>0%</conversion_rate>
	</row>
	<row>
		<label>PRODUCT TWO LEFT in cart</label>
		<nb_visits>3</nb_visits>
		<nb_actions>3</nb_actions>
		<sum_daily_nb_uniq_visitors>2</sum_daily_nb_uniq_visitors>
		<avg_price>0</avg_price>
		<avg_quantity>0</avg_quantity>
		<conversion_rate>0%</conversion_rate>
	</row>
</result>