<?xml version="1.0" encoding="utf-8" ?>
<result>
	<row>
		<label>PRODUCT name</label>
		<nb_uniq_visitors>1</nb_uniq_visitors>
		<nb_visits>2</nb_visits>
		<nb_actions>5</nb_actions>
		<avg_price>832.78</avg_price>
		<avg_quantity>0</avg_quantity>
		<conversion_rate>0%</conversion_rate>
	</row>
	<row>
		<label>PRODUCT THREE LEFT in cart</label>
		<nb_uniq_visitors>1</nb_uniq_visitors>
		<nb_visits>2</nb_visits>
		<nb_actions>4</nb_actions>
		<avg_price>666</avg_price>
		<avg_quantity>0</avg_quantity>
		<conversion_rate>0%</conversion_rate>
	</row>
	<row>
		<label>PRODUCT TWO LEFT in cart</label>
		<nb_uniq_visitors>1</nb_uniq_visitors>
		<nb_visits>2</nb_visits>
		<nb_actions>2</nb_actions>
		<avg_price>0</avg_price>
		<avg_quantity>0</avg_quantity>
		<conversion_rate>0%</conversion_rate>
	</row>
</result>