<?xml version="1.0" encoding="utf-8" ?>
<result>
	<row>
		<label>SKU VERY nice indeed</label>
		<nb_visits>4</nb_visits>
		<nb_actions>10</nb_actions>
		<sum_daily_nb_uniq_visitors>2</sum_daily_nb_uniq_visitors>
		<avg_price>1363.71</avg_price>
		<avg_quantity>0</avg_quantity>
		<conversion_rate>0%</conversion_rate>
	</row>
	<row>
		<label>SKU IN ABANDONED CART TWO</label>
		<nb_visits>3</nb_visits>
		<nb_actions>3</nb_actions>
		<sum_daily_nb_uniq_visitors>2</sum_daily_nb_uniq_visitors>
		<avg_price>0</avg_price>
		<avg_quantity>0</avg_quantity>
		<conversion_rate>0%</conversion_rate>
	</row>
	<row>
		<label>SKU2</label>
		<nb_visits>1</nb_visits>
		<nb_actions>1</nb_actions>
		<sum_daily_nb_uniq_visitors>1</sum_daily_nb_uniq_visitors>
		<avg_price>1111.11</avg_price>
		<avg_quantity>0</avg_quantity>
		<conversion_rate>0%</conversion_rate>
	</row>
</result>